2026-10-06 20:48:49,283 | INFO    | pipeline | === Scraping Books to Scrape ===
2026-10-06 20:48:52,691 | INFO    | scrapers.books_scraper | [books] page 1: 20 books (https://books.toscrape.com/)
2026-10-06 20:48:53,028 | INFO    | scrapers.books_scraper | [books] page 2: 20 books (https://books.toscrape.com/catalogue/page-2.html)
2026-10-06 20:48:53,354 | INFO    | scrapers.books_scraper | [books] page 3: 20 books (https://books.toscrape.com/catalogue/page-3.html)
2026-10-06 20:48:53,676 | INFO    | scrapers.books_scraper | [books] page 4: 20 books (https://books.toscrape.com/catalogue/page-4.html)
2026-10-06 20:48:54,009 | INFO    | scrapers.books_scraper | [books] page 5: 20 books (https://books.toscrape.com/catalogue/page-5.html)
2026-10-06 20:48:54,395 | INFO    | scrapers.books_scraper | [books] page 6: 20 books (https://books.toscrape.com/catalogue/page-6.html)
2026-10-06 20:48:54,735 | INFO    | scrapers.books_scraper | [books] page 7: 20 books (https://books.toscrape.com/catalogue/page-7.html)
2026-10-06 20:48:55,078 | INFO    | scrapers.books_scraper | [books] page 8: 20 books (https://books.toscrape.com/catalogue/page-8.html)
2026-10-06 20:48:55,411 | INFO    | scrapers.books_scraper | [books] page 9: 20 books (https://books.toscrape.com/catalogue/page-9.html)
2026-10-06 20:48:55,743 | INFO    | scrapers.books_scraper | [books] page 10: 20 books (https://books.toscrape.com/catalogue/page-10.html)
2026-10-06 20:48:56,068 | INFO    | scrapers.books_scraper | [books] page 11: 20 books (https://books.toscrape.com/catalogue/page-11.html)
2026-10-06 20:48:56,387 | INFO    | scrapers.books_scraper | [books] page 12: 20 books (https://books.toscrape.com/catalogue/page-12.html)
2026-10-06 20:48:56,715 | INFO    | scrapers.books_scraper | [books] page 13: 20 books (https://books.toscrape.com/catalogue/page-13.html)
2026-10-06 20:48:57,048 | INFO    | scrapers.books_scraper | [books] page 14: 20 books (https://books.toscrape.com/catalogue/page-14.html)
2026-10-06 20:48:57,382 | INFO    | scrapers.books_scraper | [books] page 15: 20 books (https://books.toscrape.com/catalogue/page-15.html)
2026-10-06 20:48:57,707 | INFO    | scrapers.books_scraper | [books] page 16: 20 books (https://books.toscrape.com/catalogue/page-16.html)
2026-10-06 20:48:58,035 | INFO    | scrapers.books_scraper | [books] page 17: 20 books (https://books.toscrape.com/catalogue/page-17.html)
2026-10-06 20:48:58,360 | INFO    | scrapers.books_scraper | [books] page 18: 20 books (https://books.toscrape.com/catalogue/page-18.html)
2026-10-06 20:48:58,684 | INFO    | scrapers.books_scraper | [books] page 19: 20 books (https://books.toscrape.com/catalogue/page-19.html)
2026-10-06 20:48:59,002 | INFO    | scrapers.books_scraper | [books] page 20: 20 books (https://books.toscrape.com/catalogue/page-20.html)
2026-10-06 20:48:59,322 | INFO    | scrapers.books_scraper | [books] page 21: 20 books (https://books.toscrape.com/catalogue/page-21.html)
2026-10-06 20:48:59,651 | INFO    | scrapers.books_scraper | [books] page 22: 20 books (https://books.toscrape.com/catalogue/page-22.html)
2026-10-06 20:48:59,982 | INFO    | scrapers.books_scraper | [books] page 23: 20 books (https://books.toscrape.com/catalogue/page-23.html)
2026-10-06 20:49:00,305 | INFO    | scrapers.books_scraper | [books] page 24: 20 books (https://books.toscrape.com/catalogue/page-24.html)
2026-10-06 20:49:00,654 | INFO    | scrapers.books_scraper | [books] page 25: 20 books (https://books.toscrape.com/catalogue/page-25.html)
2026-10-06 20:49:00,983 | INFO    | scrapers.books_scraper | [books] page 26: 20 books (https://books.toscrape.com/catalogue/page-26.html)
2026-10-06 20:49:01,345 | INFO    | scrapers.books_scraper | [books] page 27: 20 books (https://books.toscrape.com/catalogue/page-27.html)
2026-10-06 20:49:01,677 | INFO    | scrapers.books_scraper | [books] page 28: 20 books (https://books.toscrape.com/catalogue/page-28.html)
2026-10-06 20:49:02,014 | INFO    | scrapers.books_scraper | [books] page 29: 20 books (https://books.toscrape.com/catalogue/page-29.html)
2026-10-06 20:49:02,349 | INFO    | scrapers.books_scraper | [books] page 30: 20 books (https://books.toscrape.com/catalogue/page-30.html)
2026-10-06 20:49:02,672 | INFO    | scrapers.books_scraper | [books] page 31: 20 books (https://books.toscrape.com/catalogue/page-31.html)
2026-10-06 20:49:02,995 | INFO    | scrapers.books_scraper | [books] page 32: 20 books (https://books.toscrape.com/catalogue/page-32.html)
2026-10-06 20:49:03,325 | INFO    | scrapers.books_scraper | [books] page 33: 20 books (https://books.toscrape.com/catalogue/page-33.html)
2026-10-06 20:49:03,646 | INFO    | scrapers.books_scraper | [books] page 34: 20 books (https://books.toscrape.com/catalogue/page-34.html)
2026-10-06 20:49:03,965 | INFO    | scrapers.books_scraper | [books] page 35: 20 books (https://books.toscrape.com/catalogue/page-35.html)
2026-10-06 20:49:04,288 | INFO    | scrapers.books_scraper | [books] page 36: 20 books (https://books.toscrape.com/catalogue/page-36.html)
2026-10-06 20:49:04,626 | INFO    | scrapers.books_scraper | [books] page 37: 20 books (https://books.toscrape.com/catalogue/page-37.html)
2026-10-06 20:49:04,958 | INFO    | scrapers.books_scraper | [books] page 38: 20 books (https://books.toscrape.com/catalogue/page-38.html)
2026-10-06 20:49:05,283 | INFO    | scrapers.books_scraper | [books] page 39: 20 books (https://books.toscrape.com/catalogue/page-39.html)
2026-10-06 20:49:05,605 | INFO    | scrapers.books_scraper | [books] page 40: 20 books (https://books.toscrape.com/catalogue/page-40.html)
2026-10-06 20:49:05,941 | INFO    | scrapers.books_scraper | [books] page 41: 20 books (https://books.toscrape.com/catalogue/page-41.html)
2026-10-06 20:49:06,272 | INFO    | scrapers.books_scraper | [books] page 42: 20 books (https://books.toscrape.com/catalogue/page-42.html)
2026-10-06 20:49:06,608 | INFO    | scrapers.books_scraper | [books] page 43: 20 books (https://books.toscrape.com/catalogue/page-43.html)
2026-10-06 20:49:06,964 | INFO    | scrapers.books_scraper | [books] page 44: 20 books (https://books.toscrape.com/catalogue/page-44.html)
2026-10-06 20:49:07,300 | INFO    | scrapers.books_scraper | [books] page 45: 20 books (https://books.toscrape.com/catalogue/page-45.html)
2026-10-06 20:49:07,633 | INFO    | scrapers.books_scraper | [books] page 46: 20 books (https://books.toscrape.com/catalogue/page-46.html)
2026-10-06 20:49:07,957 | INFO    | scrapers.books_scraper | [books] page 47: 20 books (https://books.toscrape.com/catalogue/page-47.html)
2026-10-06 20:49:08,290 | INFO    | scrapers.books_scraper | [books] page 48: 20 books (https://books.toscrape.com/catalogue/page-48.html)
2026-10-06 20:49:08,610 | INFO    | scrapers.books_scraper | [books] page 49: 20 books (https://books.toscrape.com/catalogue/page-49.html)
2026-10-06 20:49:08,933 | INFO    | scrapers.books_scraper | [books] page 50: 20 books (https://books.toscrape.com/catalogue/page-50.html)
2026-10-06 20:49:08,933 | INFO    | scrapers.books_scraper | [books] fetching 1000 detail pages with 4 workers
2026-10-06 20:54:16,892 | INFO    | pipeline | === Scraping Quotes to Scrape ===
2026-10-06 20:54:19,133 | INFO    | scrapers.quotes_scraper | [quotes] page 1: 10 quotes (https://quotes.toscrape.com/)
2026-10-06 20:54:19,449 | INFO    | scrapers.quotes_scraper | [quotes] page 2: 10 quotes (https://quotes.toscrape.com/page/2/)
2026-10-06 20:54:19,776 | INFO    | scrapers.quotes_scraper | [quotes] page 3: 10 quotes (https://quotes.toscrape.com/page/3/)
2026-10-06 20:54:20,090 | INFO    | scrapers.quotes_scraper | [quotes] page 4: 10 quotes (https://quotes.toscrape.com/page/4/)
2026-10-06 20:54:20,400 | INFO    | scrapers.quotes_scraper | [quotes] page 5: 10 quotes (https://quotes.toscrape.com/page/5/)
2026-10-06 20:54:20,711 | INFO    | scrapers.quotes_scraper | [quotes] page 6: 10 quotes (https://quotes.toscrape.com/page/6/)
2026-10-06 20:54:21,031 | INFO    | scrapers.quotes_scraper | [quotes] page 7: 10 quotes (https://quotes.toscrape.com/page/7/)
2026-10-06 20:54:21,347 | INFO    | scrapers.quotes_scraper | [quotes] page 8: 10 quotes (https://quotes.toscrape.com/page/8/)
2026-10-06 20:54:21,658 | INFO    | scrapers.quotes_scraper | [quotes] page 9: 10 quotes (https://quotes.toscrape.com/page/9/)
2026-10-06 20:54:21,969 | INFO    | scrapers.quotes_scraper | [quotes] page 10: 10 quotes (https://quotes.toscrape.com/page/10/)
2026-10-06 20:54:22,376 | INFO    | pipeline | Done in 333.1s: {'records_collected': 1100, 'records_after_cleaning': 1100, 'rejected_in_validation': 0, 'duplicates_detected': 1, 'duplicates_removed': 1, 'duplicates_flagged': 0, 'final_record_count': 1099}
